// Jest Snapshot v1, https://goo.gl/fbAQLP

exports[`constructs icon object correctly 1`] = `
Icon {
  "attrs": Object {
    "class": "sailor sailor-test",
    "height": 24,
    "viewBox": "0 0 24 24",
    "width": 24,
    "xmlns": "http://www.w3.org/2000/svg",
  },
  "contents": "<line x1=\\"23\\" y1=\\"1\\" x2=\\"1\\" y2=\\"23\\" /><line x1=\\"1\\" y1=\\"1\\" x2=\\"23\\" y2=\\"23\\" />",
  "name": "test",
}
`;

exports[`constructs icon object correctly 2`] = `
Icon {
  "attrs": Object {
    "class": "sailor sailor-test",
    "height": 24,
    "viewBox": "0 0 24 24",
    "width": 24,
    "xmlns": "http://www.w3.org/2000/svg",
  },
  "contents": "<line x1=\\"23\\" y1=\\"1\\" x2=\\"1\\" y2=\\"23\\" /><line x1=\\"1\\" y1=\\"1\\" x2=\\"23\\" y2=\\"23\\" />",
  "name": "test",
}
`;

exports[`toString() returns correct string 1`] = `"<line x1=\\"23\\" y1=\\"1\\" x2=\\"1\\" y2=\\"23\\" /><line x1=\\"1\\" y1=\\"1\\" x2=\\"23\\" y2=\\"23\\" />"`;

exports[`toSvg() returns correct string 1`] = `"<svg xmlns=\\"http://www.w3.org/2000/svg\\" width=\\"24\\" height=\\"24\\" viewBox=\\"0 0 24 24\\" class=\\"sailor sailor-test\\"><line x1=\\"23\\" y1=\\"1\\" x2=\\"1\\" y2=\\"23\\" /><line x1=\\"1\\" y1=\\"1\\" x2=\\"23\\" y2=\\"23\\" /></svg>"`;

exports[`toSvg() returns correct string 2`] = `"<svg xmlns=\\"http://www.w3.org/2000/svg\\" width=\\"24\\" height=\\"24\\" viewBox=\\"0 0 24 24\\" class=\\"sailor sailor-test\\" stroke-width=\\"1\\" color=\\"red\\"><line x1=\\"23\\" y1=\\"1\\" x2=\\"1\\" y2=\\"23\\" /><line x1=\\"1\\" y1=\\"1\\" x2=\\"23\\" y2=\\"23\\" /></svg>"`;

exports[`toSvg() returns correct string 3`] = `"<svg xmlns=\\"http://www.w3.org/2000/svg\\" width=\\"24\\" height=\\"24\\" viewBox=\\"0 0 24 24\\" class=\\"sailor sailor-test foo bar\\" color=\\"red\\"><line x1=\\"23\\" y1=\\"1\\" x2=\\"1\\" y2=\\"23\\" /><line x1=\\"1\\" y1=\\"1\\" x2=\\"23\\" y2=\\"23\\" /></svg>"`;
